[2026-10-08 11:09:36,033] 17 root - INFO - Entered data ingetion method
[2026-10-08 11:09:36,569] 25 root - INFO - Read raw data with shape (101766, 50)
[2026-10-08 11:09:36,642] 30 root - INFO - Filtered expired/hospice encounters: 2423 rows removed
[2026-10-08 11:09:38,965] 39 root - INFO - Loaded raw data into SQLite
[2026-10-08 11:09:41,114] 58 root - INFO - SQL feature engineering complete
[2026-10-08 11:09:42,497] 67 root - INFO - Train/test split saved
[2026-10-08 11:09:43,279] 82 root - INFO - Read train (79474, 53), test (19869, 53)
[2026-10-08 11:09:43,325] 21 root - INFO - Dropped unusable columns: ['weight', 'payer_code', 'medical_specialty', 'encounter_id', 'patient_nbr', 'readmitted']
[2026-10-08 11:09:43,343] 21 root - INFO - Dropped unusable columns: ['weight', 'payer_code', 'medical_specialty', 'encounter_id', 'patient_nbr', 'readmitted']
[2026-10-08 11:09:43,558] 58 root - INFO - Bucketed ICD9 diagnosis codes into categories
[2026-10-08 11:09:43,620] 58 root - INFO - Bucketed ICD9 diagnosis codes into categories
[2026-10-08 11:09:43,702] 73 root - INFO - Cleaned and type-cast categorical columns
[2026-10-08 11:09:43,722] 73 root - INFO - Cleaned and type-cast categorical columns
[2026-10-08 11:09:43,722] 125 root - ERROR - Data transformation failed
[2026-10-08 11:25:52,266] 17 root - INFO - Entered data ingetion method
[2026-10-08 11:25:52,581] 25 root - INFO - Read raw data with shape (101766, 50)
[2026-10-08 11:25:52,631] 30 root - INFO - Filtered expired/hospice encounters: 2423 rows removed
[2026-10-08 11:25:53,897] 39 root - INFO - Loaded raw data into SQLite
[2026-10-08 11:25:55,352] 58 root - INFO - SQL feature engineering complete
[2026-10-08 11:25:56,132] 67 root - INFO - Train/test split saved
[2026-10-08 11:25:56,667] 101 root - INFO - Read train (79474, 53), test (19869, 53)
[2026-10-08 11:25:56,691] 22 root - INFO - Dropped unusable columns: ['weight', 'payer_code', 'medical_specialty', 'encounter_id', 'patient_nbr', 'readmitted']
[2026-10-08 11:25:56,706] 22 root - INFO - Dropped unusable columns: ['weight', 'payer_code', 'medical_specialty', 'encounter_id', 'patient_nbr', 'readmitted']
[2026-10-08 11:25:56,831] 59 root - INFO - Bucketed ICD9 diagnosis codes into categories
[2026-10-08 11:25:56,869] 59 root - INFO - Bucketed ICD9 diagnosis codes into categories
[2026-10-08 11:25:56,920] 74 root - INFO - Cleaned and type-cast categorical columns
[2026-10-08 11:25:56,933] 74 root - INFO - Cleaned and type-cast categorical columns
[2026-10-08 11:25:57,355] 134 root - INFO - Preprocessing complete, 114 output columns
[2026-10-08 11:25:57,364] 13 root - INFO - Object saved at artifacts/preprocessor.pkl
[2026-10-08 11:25:57,365] 144 root - ERROR - Data transformation failed
[2026-10-08 11:29:14,820] 17 root - INFO - Entered data ingetion method
[2026-10-08 11:29:15,085] 25 root - INFO - Read raw data with shape (101766, 50)
[2026-10-08 11:29:15,123] 30 root - INFO - Filtered expired/hospice encounters: 2423 rows removed
[2026-10-08 11:29:16,345] 39 root - INFO - Loaded raw data into SQLite
[2026-10-08 11:29:17,755] 58 root - INFO - SQL feature engineering complete
[2026-10-08 11:29:19,572] 67 root - INFO - Train/test split saved
[2026-10-08 11:29:20,666] 101 root - INFO - Read train (79474, 53), test (19869, 53)
[2026-10-08 11:29:20,701] 22 root - INFO - Dropped unusable columns: ['weight', 'payer_code', 'medical_specialty', 'encounter_id', 'patient_nbr', 'readmitted']
[2026-10-08 11:29:20,721] 22 root - INFO - Dropped unusable columns: ['weight', 'payer_code', 'medical_specialty', 'encounter_id', 'patient_nbr', 'readmitted']
[2026-10-08 11:29:20,964] 59 root - INFO - Bucketed ICD9 diagnosis codes into categories
[2026-10-08 11:29:21,047] 59 root - INFO - Bucketed ICD9 diagnosis codes into categories
[2026-10-08 11:29:21,128] 74 root - INFO - Cleaned and type-cast categorical columns
[2026-10-08 11:29:21,157] 74 root - INFO - Cleaned and type-cast categorical columns
[2026-10-08 11:29:21,956] 134 root - INFO - Preprocessing complete, 114 output columns
[2026-10-08 11:29:21,963] 13 root - INFO - Object saved at artifacts/preprocessor.pkl
[2026-10-08 11:29:21,965] 144 root - ERROR - Data transformation failed
[2026-10-08 11:31:27,677] 17 root - INFO - Entered data ingetion method
[2026-10-08 11:31:27,967] 25 root - INFO - Read raw data with shape (101766, 50)
[2026-10-08 11:31:28,011] 30 root - INFO - Filtered expired/hospice encounters: 2423 rows removed
[2026-10-08 11:31:29,218] 39 root - INFO - Loaded raw data into SQLite
[2026-10-08 11:31:30,604] 58 root - INFO - SQL feature engineering complete
[2026-10-08 11:31:31,352] 67 root - INFO - Train/test split saved
[2026-10-08 11:31:31,863] 104 root - INFO - Read train (79474, 53), test (19869, 53)
[2026-10-08 11:31:31,885] 22 root - INFO - Dropped unusable columns: ['weight', 'payer_code', 'medical_specialty', 'encounter_id', 'patient_nbr', 'readmitted']
[2026-10-08 11:31:31,900] 22 root - INFO - Dropped unusable columns: ['weight', 'payer_code', 'medical_specialty', 'encounter_id', 'patient_nbr', 'readmitted']
[2026-10-08 11:31:32,026] 59 root - INFO - Bucketed ICD9 diagnosis codes into categories
[2026-10-08 11:31:32,068] 59 root - INFO - Bucketed ICD9 diagnosis codes into categories
[2026-10-08 11:31:32,115] 74 root - INFO - Cleaned and type-cast categorical columns
[2026-10-08 11:31:32,127] 74 root - INFO - Cleaned and type-cast categorical columns
[2026-10-08 11:31:32,593] 137 root - INFO - Preprocessing complete, 114 output columns
[2026-10-08 11:31:32,604] 13 root - INFO - Object saved at artifacts/preprocessor.pkl
[2026-10-08 11:31:32,648] 18 root - INFO - Split arrays into features and target
[2026-10-08 11:31:33,883] 23 root - INFO - Baseline PR-AUC: 0.2193
[2026-10-08 11:32:38,475] 36 root - INFO - Tuned XGBoost PR-AUC: 0.2323, best params: {'scale_pos_weight': 3, 'n_estimators': 100, 'max_depth': 4, 'learning_rate': 0.1}
[2026-10-08 11:32:38,487] 13 root - INFO - Object saved at artifacts/model.pkl
[2026-10-08 11:32:41,587] 13 root - INFO - Object saved at artifacts/calibrated_model.pkl
[2026-10-08 11:32:41,588] 16 root - INFO - Model calibrated using isotonic regression
[2026-10-08 11:32:41,714] 25 root - INFO - Confusion matrix:
[[17589    17]
 [ 2236    27]]
[2026-10-08 11:32:41,733] 26 root - INFO - Classification report:
              precision    recall  f1-score   support

         0.0       0.89      1.00      0.94     17606
         1.0       0.61      0.01      0.02      2263

    accuracy                           0.89     19869
   macro avg       0.75      0.51      0.48     19869
weighted avg       0.86      0.89      0.84     19869

[2026-10-08 11:32:41,739] 27 root - INFO - PR-AUC: 0.2324
[2026-10-08 11:32:54,339] 38 root - INFO - SHAP summary plot saved
[2026-10-08 11:32:54,351] 52 root - INFO - Optimal threshold: 0.1, net savings: 2056600
[2026-10-08 12:15:48,295] 18 root - INFO - Entered data ingestion method
[2026-10-08 12:15:50,418] 26 root - INFO - Read raw data with shape (101766, 50)
[2026-10-08 12:15:50,563] 31 root - INFO - Filtered expired/hospice encounters: 2423 rows removed
[2026-10-08 12:15:59,834] 40 root - INFO - Loaded raw data into SQLite
[2026-10-08 12:16:03,241] 57 root - INFO - SQL feature engineering complete
[2026-10-08 12:16:04,069] 65 root - INFO - Train/test split saved
[2026-10-08 12:16:04,813] 79 root - INFO - Read train (79474, 53), test (19869, 53)
[2026-10-08 12:16:04,838] 22 root - INFO - Dropped unusable columns: ['weight', 'payer_code', 'medical_specialty', 'encounter_id', 'patient_nbr', 'readmitted']
[2026-10-08 12:16:04,851] 22 root - INFO - Dropped unusable columns: ['weight', 'payer_code', 'medical_specialty', 'encounter_id', 'patient_nbr', 'readmitted']
[2026-10-08 12:16:05,037] 32 root - INFO - Bucketed ICD9 diagnosis codes into categories
[2026-10-08 12:16:05,087] 32 root - INFO - Bucketed ICD9 diagnosis codes into categories
[2026-10-08 12:16:05,123] 47 root - INFO - Cleaned and type-cast categorical columns
[2026-10-08 12:16:05,133] 47 root - INFO - Cleaned and type-cast categorical columns
[2026-10-08 12:16:05,623] 112 root - INFO - Preprocessing complete, 117 output columns
[2026-10-08 12:16:05,626] 16 root - INFO - Object saved at artifacts/preprocessor.pkl
[2026-10-08 12:16:05,673] 18 root - INFO - Split arrays into features and target
[2026-10-08 12:16:07,745] 23 root - INFO - Baseline PR-AUC: 0.2197
[2026-10-08 12:17:44,697] 36 root - INFO - Tuned XGBoost PR-AUC: 0.2348, best params: {'scale_pos_weight': 3, 'n_estimators': 100, 'max_depth': 4, 'learning_rate': 0.1}
[2026-10-08 12:17:44,704] 16 root - INFO - Object saved at artifacts/model.pkl
[2026-10-08 12:17:47,491] 16 root - INFO - Object saved at artifacts/calibrated_model.pkl
[2026-10-08 12:17:47,491] 18 root - INFO - Model calibrated using isotonic regression
[2026-10-08 12:17:47,672] 27 root - INFO - Confusion matrix:
[[17598     8]
 [ 2242    21]]
[2026-10-08 12:17:47,699] 28 root - INFO - Classification report:
              precision    recall  f1-score   support

         0.0       0.89      1.00      0.94     17606
         1.0       0.72      0.01      0.02      2263

    accuracy                           0.89     19869
   macro avg       0.81      0.50      0.48     19869
weighted avg       0.87      0.89      0.83     19869

[2026-10-08 12:17:47,708] 29 root - INFO - PR-AUC: 0.2338
[2026-10-08 12:18:04,585] 40 root - INFO - SHAP summary plot saved
[2026-10-08 12:18:04,666] 63 root - INFO - success_rate=0.1: best threshold=0.8, net savings=50, call-everyone=-3,408,050, call-no-one=0
[2026-10-08 12:18:04,696] 63 root - INFO - success_rate=0.2: best threshold=0.35, net savings=10,300, call-everyone=-2,842,300, call-no-one=0
[2026-10-08 12:18:04,717] 63 root - INFO - success_rate=0.3: best threshold=0.3, net savings=55,200, call-everyone=-2,276,550, call-no-one=0
[2026-10-08 12:18:04,725] 63 root - INFO - success_rate=0.5: best threshold=0.15, net savings=292,000, call-everyone=-1,145,050, call-no-one=0
[2026-10-08 12:18:04,734] 63 root - INFO - success_rate=1.0: best threshold=0.1, net savings=2,032,600, call-everyone=1,683,700, call-no-one=0
[2026-10-08 12:18:04,751] 70 root - INFO - Headline (success_rate=0.3): threshold=0.3, net savings=55200
[2026-10-08 12:18:04,754] 16 root - INFO - Object saved at artifacts/threshold.pkl
[2026-10-08 12:37:49,658] 30 root - INFO - Prediction generated for 1 record(s)
[2026-10-08 12:37:49,662] 62 root - INFO - API prediction: prob=0.2075, decision=STANDARD DISCHARGE
[2026-10-08 12:40:02,624] 30 root - INFO - Prediction generated for 1 record(s)
[2026-10-08 12:40:02,629] 62 root - INFO - API prediction: prob=0.1133, decision=STANDARD DISCHARGE
[2026-10-08 13:36:30,050] 30 root - INFO - Prediction generated for 1 record(s)
[2026-10-08 13:36:30,053] 62 root - INFO - API prediction: prob=0.0726, decision=STANDARD DISCHARGE
[2026-10-08 17:15:33,797] 30 root - INFO - Prediction generated for 1 record(s)
[2026-10-08 17:15:33,848] 30 root - INFO - Prediction generated for 1 record(s)
[2026-10-08 17:24:31,164] 18 root - INFO - Entered data ingestion method
[2026-10-08 17:24:31,603] 26 root - INFO - Read raw data with shape (101766, 50)
[2026-10-08 17:24:31,657] 31 root - INFO - Filtered expired/hospice encounters: 2423 rows removed
[2026-10-08 17:24:33,060] 40 root - INFO - Loaded raw data into SQLite
[2026-10-08 17:24:34,771] 57 root - INFO - SQL feature engineering complete
[2026-10-08 17:24:35,733] 65 root - INFO - Train/test split saved
[2026-10-08 17:24:36,451] 79 root - INFO - Read train (79474, 53), test (19869, 53)
[2026-10-08 17:24:36,510] 22 root - INFO - Dropped unusable columns: ['weight', 'payer_code', 'medical_specialty', 'encounter_id', 'patient_nbr', 'readmitted']
[2026-10-08 17:24:36,525] 22 root - INFO - Dropped unusable columns: ['weight', 'payer_code', 'medical_specialty', 'encounter_id', 'patient_nbr', 'readmitted']
[2026-10-08 17:24:36,729] 32 root - INFO - Bucketed ICD9 diagnosis codes into categories
[2026-10-08 17:24:36,789] 32 root - INFO - Bucketed ICD9 diagnosis codes into categories
[2026-10-08 17:24:36,867] 47 root - INFO - Cleaned and type-cast categorical columns
[2026-10-08 17:24:36,880] 47 root - INFO - Cleaned and type-cast categorical columns
[2026-10-08 17:24:37,342] 112 root - INFO - Preprocessing complete, 117 output columns
[2026-10-08 17:24:37,383] 16 root - INFO - Object saved at artifacts/preprocessor.pkl
[2026-10-08 17:24:37,444] 18 root - INFO - Split arrays into features and target
[2026-10-08 17:24:39,493] 23 root - INFO - Baseline PR-AUC: 0.2197
[2026-10-08 17:25:38,398] 36 root - INFO - Tuned XGBoost PR-AUC: 0.2348, best params: {'scale_pos_weight': 3, 'n_estimators': 100, 'max_depth': 4, 'learning_rate': 0.1}
[2026-10-08 17:25:38,401] 16 root - INFO - Object saved at artifacts/model.pkl
[2026-10-08 17:25:39,470] 16 root - INFO - Object saved at artifacts/calibrated_model.pkl
[2026-10-08 17:25:39,471] 18 root - INFO - Model calibrated using isotonic regression
[2026-10-08 17:25:39,603] 27 root - INFO - Confusion matrix:
[[17598     8]
 [ 2242    21]]
[2026-10-08 17:25:39,619] 28 root - INFO - Classification report:
              precision    recall  f1-score   support

         0.0       0.89      1.00      0.94     17606
         1.0       0.72      0.01      0.02      2263

    accuracy                           0.89     19869
   macro avg       0.81      0.50      0.48     19869
weighted avg       0.87      0.89      0.83     19869

[2026-10-08 17:25:39,627] 29 root - INFO - PR-AUC: 0.2338
[2026-10-08 17:25:43,582] 49 root - INFO - SHAP top feature - num_pipeline__number_inpatient: 0.2679
[2026-10-08 17:25:43,582] 49 root - INFO - SHAP top feature - cat_pipeline__discharge_disposition_id_1: 0.1762
[2026-10-08 17:25:43,583] 49 root - INFO - SHAP top feature - num_pipeline__Prior_Visit_Intensity: 0.0599
[2026-10-08 17:25:43,583] 49 root - INFO - SHAP top feature - num_pipeline__number_diagnoses: 0.0512
[2026-10-08 17:25:43,583] 49 root - INFO - SHAP top feature - cat_pipeline__diag_1_category_circulatory: 0.0452
[2026-10-08 17:25:43,583] 49 root - INFO - SHAP top feature - num_pipeline__time_in_hospital: 0.0410
[2026-10-08 17:25:43,583] 49 root - INFO - SHAP top feature - cat_pipeline__discharge_disposition_id_22: 0.0352
[2026-10-08 17:25:43,583] 49 root - INFO - SHAP top feature - cat_pipeline__age_[50-60): 0.0341
[2026-10-08 17:25:43,583] 49 root - INFO - SHAP top feature - num_pipeline__Med_Change_Count: 0.0341
[2026-10-08 17:25:43,583] 49 root - INFO - SHAP top feature - cat_pipeline__diabetesMed_No: 0.0316
[2026-10-08 17:25:43,583] 50 root - INFO - SHAP summary plot saved
[2026-10-08 17:25:43,587] 72 root - INFO - success_rate=0.1: best threshold=0.8, net savings=50, call-everyone=-3,408,050, call-no-one=0
[2026-10-08 17:25:43,591] 72 root - INFO - success_rate=0.2: best threshold=0.35, net savings=10,300, call-everyone=-2,842,300, call-no-one=0
[2026-10-08 17:25:43,599] 72 root - INFO - success_rate=0.3: best threshold=0.3, net savings=55,200, call-everyone=-2,276,550, call-no-one=0
[2026-10-08 17:25:43,601] 72 root - INFO - success_rate=0.5: best threshold=0.15, net savings=292,000, call-everyone=-1,145,050, call-no-one=0
[2026-10-08 17:25:43,604] 72 root - INFO - success_rate=1.0: best threshold=0.1, net savings=2,032,600, call-everyone=1,683,700, call-no-one=0
[2026-10-08 17:25:43,605] 79 root - INFO - Headline (success_rate=0.3): threshold=0.3, net savings=55200
[2026-10-08 17:25:43,608] 16 root - INFO - Object saved at artifacts/threshold.pkl
[2026-10-08 17:28:56,748] 18 root - INFO - Entered data ingestion method
[2026-10-08 17:28:57,313] 26 root - INFO - Read raw data with shape (101766, 50)
[2026-10-08 17:28:57,366] 31 root - INFO - Filtered expired/hospice encounters: 2423 rows removed
[2026-10-08 17:28:58,869] 40 root - INFO - Loaded raw data into SQLite
[2026-10-08 17:29:00,521] 57 root - INFO - SQL feature engineering complete
[2026-10-08 17:29:01,326] 65 root - INFO - Train/test split saved
[2026-10-08 17:29:01,975] 79 root - INFO - Read train (79474, 53), test (19869, 53)
[2026-10-08 17:29:01,995] 22 root - INFO - Dropped unusable columns: ['weight', 'payer_code', 'medical_specialty', 'encounter_id', 'patient_nbr', 'readmitted']
[2026-10-08 17:29:02,008] 22 root - INFO - Dropped unusable columns: ['weight', 'payer_code', 'medical_specialty', 'encounter_id', 'patient_nbr', 'readmitted']
[2026-10-08 17:29:02,176] 32 root - INFO - Bucketed ICD9 diagnosis codes into categories
[2026-10-08 17:29:02,225] 32 root - INFO - Bucketed ICD9 diagnosis codes into categories
[2026-10-08 17:29:02,262] 47 root - INFO - Cleaned and type-cast categorical columns
[2026-10-08 17:29:02,271] 47 root - INFO - Cleaned and type-cast categorical columns
[2026-10-08 17:29:02,732] 112 root - INFO - Preprocessing complete, 117 output columns
[2026-10-08 17:29:02,735] 16 root - INFO - Object saved at artifacts/preprocessor.pkl
[2026-10-08 17:29:02,802] 18 root - INFO - Split arrays into features and target
[2026-10-08 17:29:04,666] 23 root - INFO - Baseline PR-AUC: 0.2197
[2026-10-08 17:29:30,179] 36 root - INFO - Tuned XGBoost PR-AUC: 0.2348, best params: {'scale_pos_weight': 3, 'n_estimators': 100, 'max_depth': 4, 'learning_rate': 0.1}
[2026-10-08 17:29:30,182] 16 root - INFO - Object saved at artifacts/model.pkl
[2026-10-08 17:29:31,220] 16 root - INFO - Object saved at artifacts/calibrated_model.pkl
[2026-10-08 17:29:31,220] 18 root - INFO - Model calibrated using isotonic regression
[2026-10-08 17:29:31,280] 27 root - INFO - Confusion matrix:
[[17598     8]
 [ 2242    21]]
[2026-10-08 17:29:31,297] 28 root - INFO - Classification report:
              precision    recall  f1-score   support

         0.0       0.89      1.00      0.94     17606
         1.0       0.72      0.01      0.02      2263

    accuracy                           0.89     19869
   macro avg       0.81      0.50      0.48     19869
weighted avg       0.87      0.89      0.83     19869

[2026-10-08 17:29:31,305] 29 root - INFO - PR-AUC: 0.2338
[2026-10-08 17:29:34,804] 49 root - INFO - SHAP top feature - num_pipeline__number_inpatient: 0.2679
[2026-10-08 17:29:34,804] 49 root - INFO - SHAP top feature - cat_pipeline__discharge_disposition_id_1: 0.1762
[2026-10-08 17:29:34,804] 49 root - INFO - SHAP top feature - num_pipeline__Prior_Visit_Intensity: 0.0599
[2026-10-08 17:29:34,804] 49 root - INFO - SHAP top feature - num_pipeline__number_diagnoses: 0.0512
[2026-10-08 17:29:34,804] 49 root - INFO - SHAP top feature - cat_pipeline__diag_1_category_circulatory: 0.0452
[2026-10-08 17:29:34,805] 49 root - INFO - SHAP top feature - num_pipeline__time_in_hospital: 0.0410
[2026-10-08 17:29:34,805] 49 root - INFO - SHAP top feature - cat_pipeline__discharge_disposition_id_22: 0.0352
[2026-10-08 17:29:34,805] 49 root - INFO - SHAP top feature - cat_pipeline__age_[50-60): 0.0341
[2026-10-08 17:29:34,805] 49 root - INFO - SHAP top feature - num_pipeline__Med_Change_Count: 0.0341
[2026-10-08 17:29:34,805] 49 root - INFO - SHAP top feature - cat_pipeline__diabetesMed_No: 0.0316
[2026-10-08 17:29:34,805] 50 root - INFO - SHAP summary plot saved
[2026-10-08 17:29:34,808] 86 root - INFO - success_rate=0.1: best threshold=0.8, net savings=50, call-everyone=-3,408,050, call-no-one=0
[2026-10-08 17:29:34,811] 86 root - INFO - success_rate=0.2: best threshold=0.35, net savings=10,300, call-everyone=-2,842,300, call-no-one=0
[2026-10-08 17:29:34,820] 86 root - INFO - success_rate=0.3: best threshold=0.3, net savings=55,200, call-everyone=-2,276,550, call-no-one=0
[2026-10-08 17:29:34,823] 86 root - INFO - success_rate=0.5: best threshold=0.15, net savings=292,000, call-everyone=-1,145,050, call-no-one=0
[2026-10-08 17:29:34,824] 86 root - INFO - success_rate=1.0: best threshold=0.1, net savings=2,032,600, call-everyone=1,683,700, call-no-one=0
[2026-10-08 17:29:34,826] 93 root - INFO - Headline (success_rate=0.3): threshold=0.3, net savings=55200
[2026-10-08 17:29:34,827] 16 root - INFO - Object saved at artifacts/threshold.pkl
[2026-10-08 17:29:34,889] 64 root - INFO - At threshold 0.3: flagged=579 (2.9% of patients), TP=228, FP=351, FN=2035, TN=17255, precision=0.394, recall=0.101
